
> moltbot-sandbox@1.0.0 test
> vitest run


[1m[46m RUN [49m[22m [36mv4.0.18 [39m[90m/home/runner/work/Open-Stellar/Open-Stellar[39m

 [32m✓[39m src/stellar/identity/signing.test.ts [2m([22m[2m12 tests[22m[2m)[22m[32m 125[2mms[22m[39m
 [32m✓[39m src/stellar/identity/wallet.test.ts [2m([22m[2m12 tests[22m[2m)[22m[32m 95[2mms[22m[39m
 [32m✓[39m src/stellar/auth/siwa.test.ts [2m([22m[2m15 tests[22m[2m)[22m[33m 1217[2mms[22m[39m
       [33m[2m✓[22m[39m should reject expired nonce [33m 1102[2mms[22m[39m

[2m Test Files [22m [1m[32m3 passed[39m[22m[90m (3)[39m
[2m      Tests [22m [1m[32m39 passed[39m[22m[90m (39)[39m
[2m   Start at [22m 19:14:43
[2m   Duration [22m 1.77s[2m (transform 210ms, setup 0ms, import 1.15s, tests 1.44s, environment 1ms)[22m

